// Jest Snapshot v1, https://goo.gl/fbAQLP

exports[`Typescript expected failures 1`] = `
"test/glamorous.test.tsx(291,14): error TS4023: Exported variable 'ExportTest' has or is using name 'WithComponent' from external module \\"/Users/lukejohn/code/glamorous/typings/glamorous-component\\" but cannot be named.
test/glamorous.test.tsx(291,14): error TS4023: Exported variable 'ExportTest' has or is using name 'WithProps' from external module \\"/Users/lukejohn/code/glamorous/typings/glamorous-component\\" but cannot be named.
test/should-fail.test.tsx(10,3): error TS2345: Argument of type '{ fillRule: \\"cat\\"; }' is not assignable to parameter of type 'StyleArgument<SVGProperties, object & {}>'.
  Type '{ fillRule: \\"cat\\"; }' is not assignable to type '(string | Partial<SVGProperties> | StyleFunction<SVGProperties, object & {}>)[]'.
    Property 'length' is missing in type '{ fillRule: \\"cat\\"; }'.
test/should-fail.test.tsx(16,3): error TS2345: Argument of type '{ fillRule: \\"cat\\"; }' is not assignable to parameter of type 'StyleArgument<SVGProperties, object & {}>'.
  Type '{ fillRule: \\"cat\\"; }' is not assignable to type '(string | Partial<SVGProperties> | StyleFunction<SVGProperties, object & {}>)[]'.
    Property 'length' is missing in type '{ fillRule: \\"cat\\"; }'.
test/should-fail.test.tsx(22,3): error TS2345: Argument of type '() => { fillRule: \\"cat\\"; }' is not assignable to parameter of type 'StyleArgument<SVGProperties, object & {}>'.
  Type '() => { fillRule: \\"cat\\"; }' is not assignable to type '(string | Partial<SVGProperties> | StyleFunction<SVGProperties, object & {}>)[]'.
    Property 'push' is missing in type '() => { fillRule: \\"cat\\"; }'.
test/should-fail.test.tsx(30,3): error TS2345: Argument of type '{ float: \\"cat\\"; }' is not assignable to parameter of type 'StyleArgument<CSSProperties, object & {}>'.
  Type '{ float: \\"cat\\"; }' is not assignable to type '(string | Partial<CSSProperties> | StyleFunction<CSSProperties, object & {}>)[]'.
    Property 'length' is missing in type '{ float: \\"cat\\"; }'.
test/should-fail.test.tsx(36,3): error TS2345: Argument of type '{ float: \\"cat\\"; }' is not assignable to parameter of type 'StyleArgument<CSSProperties, object & {}>'.
  Type '{ float: \\"cat\\"; }' is not assignable to type '(string | Partial<CSSProperties> | StyleFunction<CSSProperties, object & {}>)[]'.
    Property 'length' is missing in type '{ float: \\"cat\\"; }'.
test/should-fail.test.tsx(42,3): error TS2345: Argument of type '() => { float: \\"cat\\"; }' is not assignable to parameter of type 'StyleArgument<CSSProperties, object & {}>'.
  Type '() => { float: \\"cat\\"; }' is not assignable to type '(string | Partial<CSSProperties> | StyleFunction<CSSProperties, object & {}>)[]'.
    Property 'push' is missing in type '() => { float: \\"cat\\"; }'.
test/should-fail.test.tsx(48,3): error TS2345: Argument of type '() => { float: \\"cat\\"; }' is not assignable to parameter of type 'StyleArgument<CSSProperties, object & {}>'.
  Type '() => { float: \\"cat\\"; }' is not assignable to type '(string | Partial<CSSProperties> | StyleFunction<CSSProperties, object & {}>)[]'.
    Property 'push' is missing in type '() => { float: \\"cat\\"; }'.
test/should-fail.test.tsx(64,3): error TS2345: Argument of type '{ fillRule: \\"cat\\"; }' is not assignable to parameter of type 'StyleArgument<CSSProperties, TestComponentProps & object>'.
  Type '{ fillRule: \\"cat\\"; }' is not assignable to type '(string | Partial<CSSProperties> | StyleFunction<CSSProperties, TestComponentProps & object>)[]'.
    Property 'length' is missing in type '{ fillRule: \\"cat\\"; }'.
test/should-fail.test.tsx(70,3): error TS2345: Argument of type '() => { fillRule: \\"cat\\"; }' is not assignable to parameter of type 'StyleArgument<CSSProperties, TestComponentProps & object>'.
  Type '() => { fillRule: \\"cat\\"; }' is not assignable to type '(string | Partial<CSSProperties> | StyleFunction<CSSProperties, TestComponentProps & object>)[]'.
    Property 'push' is missing in type '() => { fillRule: \\"cat\\"; }'.
test/should-fail.test.tsx(76,3): error TS2345: Argument of type '{ float: \\"cat\\"; }' is not assignable to parameter of type 'StyleArgument<CSSProperties, TestComponentProps & object>'.
  Type '{ float: \\"cat\\"; }' is not assignable to type '(string | Partial<CSSProperties> | StyleFunction<CSSProperties, TestComponentProps & object>)[]'.
    Property 'length' is missing in type '{ float: \\"cat\\"; }'.
test/should-fail.test.tsx(82,3): error TS2345: Argument of type '() => { float: \\"cat\\"; }' is not assignable to parameter of type 'StyleArgument<CSSProperties, TestComponentProps & object>'.
  Type '() => { float: \\"cat\\"; }' is not assignable to type '(string | Partial<CSSProperties> | StyleFunction<CSSProperties, TestComponentProps & object>)[]'.
    Property 'push' is missing in type '() => { float: \\"cat\\"; }'.
test/should-fail.test.tsx(100,24): error TS2551: Property 'colors' does not exist on type 'ExampleTheme'. Did you mean 'color'?
test/should-fail.test.tsx(111,3): error TS2344: Type 'PropsWithoutTheme' does not satisfy the constraint '{ theme: any; }'.
  Property 'theme' is missing in type 'PropsWithoutTheme'.
test/should-fail.test.tsx(119,3): error TS2345: Argument of type 'StatelessComponent<object>' is not assignable to parameter of type '\\"tspan\\"'.
test/should-fail.test.tsx(134,3): error TS2345: Argument of type '(props: ExampleComponentProps & { theme: object; } & object) => { display: \\"none\\" | \\"hidden\\"; }' is not assignable to parameter of type 'StyleArgument<CSSProperties, ExampleComponentProps & { theme: object; } & object>'.
  Type '(props: ExampleComponentProps & { theme: object; } & object) => { display: \\"none\\" | \\"hidden\\"; }' is not assignable to type '(string | Partial<CSSProperties> | StyleFunction<CSSProperties, ExampleComponentProps & { theme: ...'.
    Property 'push' is missing in type '(props: ExampleComponentProps & { theme: object; } & object) => { display: \\"none\\" | \\"hidden\\"; }'.
test/should-fail.test.tsx(135,20): error TS2339: Property 'visibles' does not exist on type 'ExampleComponentProps & { theme: object; } & object'.
test/should-fail.test.tsx(140,3): error TS2345: Argument of type '(props: { visible: boolean; } & { theme: object; } & object) => { display: \\"none\\" | \\"hidden\\"; }' is not assignable to parameter of type 'StyleArgument<CSSProperties, { visible: boolean; } & { theme: object; } & object>'.
  Type '(props: { visible: boolean; } & { theme: object; } & object) => { display: \\"none\\" | \\"hidden\\"; }' is not assignable to type '(string | Partial<CSSProperties> | StyleFunction<CSSProperties, { visible: boolean; } & { theme: ...'.
    Property 'push' is missing in type '(props: { visible: boolean; } & { theme: object; } & object) => { display: \\"none\\" | \\"hidden\\"; }'.
test/should-fail.test.tsx(150,29): error TS2322: Type '{ visible: \\"string\\"; }' is not assignable to type 'IntrinsicAttributes & IntrinsicClassAttributes<Component<ExtraGlamorousProps & Pick<{ theme: obje...'.
  Type '{ visible: \\"string\\"; }' is not assignable to type 'Readonly<ExtraGlamorousProps & Pick<{ theme: object; }, never> & object & ExampleComponentProps>'.
    Types of property 'visible' are incompatible.
      Type '\\"string\\"' is not assignable to type 'boolean'.
test/should-fail.test.tsx(151,5): error TS2322: Type '{}' is not assignable to type 'IntrinsicAttributes & IntrinsicClassAttributes<Component<ExtraGlamorousProps & Pick<{ theme: obje...'.
  Type '{}' is not assignable to type 'Readonly<ExtraGlamorousProps & Pick<{ theme: object; }, never> & object & ExampleComponentProps>'.
    Property 'visible' is missing in type '{}'.
test/should-fail.test.tsx(152,32): error TS2322: Type '{ visible: \\"string\\"; }' is not assignable to type 'IntrinsicAttributes & IntrinsicClassAttributes<Component<ExtraGlamorousProps & Pick<{ theme: obje...'.
  Type '{ visible: \\"string\\"; }' is not assignable to type 'Readonly<ExtraGlamorousProps & Pick<{ theme: object; }, never> & object & { visible: boolean; } &...'.
    Types of property 'visible' are incompatible.
      Type '\\"string\\"' is not assignable to type 'boolean'.
test/should-fail.test.tsx(153,5): error TS2322: Type '{}' is not assignable to type 'IntrinsicAttributes & IntrinsicClassAttributes<Component<ExtraGlamorousProps & Pick<{ theme: obje...'.
  Type '{}' is not assignable to type 'Readonly<ExtraGlamorousProps & Pick<{ theme: object; }, never> & object & { visible: boolean; } &...'.
    Property 'visible' is missing in type '{}'.
test/should-fail.test.tsx(157,21): error TS2345: Argument of type '{ allowReorder: false; }' is not assignable to parameter of type 'StyleArgument<SVGProperties, object & {}>'.
  Type '{ allowReorder: false; }' is not assignable to type '(string | Partial<SVGProperties> | StyleFunction<SVGProperties, object & {}>)[]'.
    Property 'length' is missing in type '{ allowReorder: false; }'.
test/should-fail.test.tsx(158,18): error TS2345: Argument of type '{ color: boolean; }' is not assignable to parameter of type 'StyleArgument<CSSProperties, object & {}>'.
  Type '{ color: boolean; }' is not assignable to type '(string | Partial<CSSProperties> | StyleFunction<CSSProperties, object & {}>)[]'.
    Property 'length' is missing in type '{ color: boolean; }'.
test/should-fail.test.tsx(162,4): error TS2345: Argument of type 'StatelessComponent<ExampleComponentProps>' is not assignable to parameter of type '\\"tspan\\"'.
test/should-fail.test.tsx(163,4): error TS7006: Parameter 'props' implicitly has an 'any' type.
test/should-fail.test.tsx(169,3): error TS2345: Argument of type '(props: { visible: boolean; } & { theme: object; } & object) => { display: \\"none\\" | \\"hidden\\"; }' is not assignable to parameter of type 'StyleArgument<CSSProperties, { visible: boolean; } & { theme: object; } & object>'.
  Type '(props: { visible: boolean; } & { theme: object; } & object) => { display: \\"none\\" | \\"hidden\\"; }' is not assignable to type '(string | Partial<CSSProperties> | StyleFunction<CSSProperties, { visible: boolean; } & { theme: ...'.
    Property 'push' is missing in type '(props: { visible: boolean; } & { theme: object; } & object) => { display: \\"none\\" | \\"hidden\\"; }'.
test/should-fail.test.tsx(170,14): error TS2365: Operator '===' cannot be applied to types 'boolean' and '\\"\\"'.
test/should-fail.test.tsx(184,15): error TS2551: Property 'colors' does not exist on type 'ShouldClassNameUpdateProps'. Did you mean 'color'?
test/should-fail.test.tsx(191,35): error TS2345: Argument of type 'StatelessComponent<ShouldClassNameUpdateProps>' is not assignable to parameter of type '\\"tspan\\"'.
test/should-fail.test.tsx(207,17): error TS2551: Property 'colors' does not exist on type 'ShouldClassNameUpdateContext'. Did you mean 'color'?
test/should-fail.test.tsx(217,11): error TS2345: Argument of type '\\"div\\"' is not assignable to parameter of type '\\"tspan\\"'.
test/should-fail.test.tsx(224,3): error TS2345: Argument of type '(props: { theme: object; } & Partial<{ visible: boolean; }>) => { primaryColor: boolean | undefin...' is not assignable to parameter of type 'StyleArgument<CSSProperties, { theme: object; } & Partial<{ visible: boolean; }>>'.
  Type '(props: { theme: object; } & Partial<{ visible: boolean; }>) => { primaryColor: boolean | undefin...' is not assignable to type '(string | Partial<CSSProperties> | StyleFunction<CSSProperties, { theme: object; } & Partial<{ vi...'.
    Property 'push' is missing in type '(props: { theme: object; } & Partial<{ visible: boolean; }>) => { primaryColor: boolean | undefin...'.
test/should-fail.test.tsx(229,1): error TS2554: Expected 1 arguments, but got 0.
test/should-fail.test.tsx(230,30): error TS2345: Argument of type '\\"\\"' is not assignable to parameter of type 'object'.
test/should-fail.test.tsx(231,30): error TS2345: Argument of type 'false' is not assignable to parameter of type 'object'.
test/should-fail.test.tsx(257,19): error TS2559: Type '{ d: \\"\\"; }' has no properties in common with type 'IntrinsicAttributes & IntrinsicClassAttributes<Component<ExtraGlamorousProps & Pick<{ theme: obje...'.
test/should-fail.test.tsx(258,19): error TS2322: Type '{ primaryColor: 1; }' is not assignable to type 'IntrinsicAttributes & IntrinsicClassAttributes<Component<ExtraGlamorousProps & Pick<{ theme: obje...'.
  Type '{ primaryColor: 1; }' is not assignable to type 'Readonly<ExtraGlamorousProps & Pick<{ theme: object; }, never> & Partial<{ primaryColor: string; ...'.
    Types of property 'primaryColor' are incompatible.
      Type '1' is not assignable to type 'string | undefined'.
test/should-fail.test.tsx(259,31): error TS2559: Type '{ d: \\"\\"; }' has no properties in common with type 'IntrinsicAttributes & IntrinsicClassAttributes<Component<ExtraGlamorousProps & Pick<{ theme: obje...'.
test/should-fail.test.tsx(260,31): error TS2322: Type '{ primaryColor: 1; }' is not assignable to type 'IntrinsicAttributes & IntrinsicClassAttributes<Component<ExtraGlamorousProps & Pick<{ theme: obje...'.
  Type '{ primaryColor: 1; }' is not assignable to type 'Readonly<ExtraGlamorousProps & Pick<{ theme: object; }, never> & Partial<{ primaryColor: string; ...'.
    Types of property 'primaryColor' are incompatible.
      Type '1' is not assignable to type 'string | undefined'.
test/should-fail.test.tsx(261,31): error TS2559: Type '{ d: \\"\\"; }' has no properties in common with type 'IntrinsicAttributes & IntrinsicClassAttributes<Component<ExtraGlamorousProps & Pick<{ theme: obje...'.
test/should-fail.test.tsx(262,31): error TS2322: Type '{ primaryColor: 1; }' is not assignable to type 'IntrinsicAttributes & IntrinsicClassAttributes<Component<ExtraGlamorousProps & Pick<{ theme: obje...'.
  Type '{ primaryColor: 1; }' is not assignable to type 'Readonly<ExtraGlamorousProps & Pick<{ theme: object; }, never> & object & Partial<{ primaryColor:...'.
    Types of property 'primaryColor' are incompatible.
      Type '1' is not assignable to type 'string | undefined'.
test/should-fail.test.tsx(267,15): error TS2345: Argument of type '{ textAlign: \\"center\\"; display: (\\"block\\" | \\"flexs\\")[]; }' is not assignable to parameter of type 'StyleArgument<CSSProperties, object & {}>'.
  Type '{ textAlign: \\"center\\"; display: (\\"block\\" | \\"flexs\\")[]; }' is not assignable to type '(string | Partial<CSSProperties> | StyleFunction<CSSProperties, object & {}>)[]'.
    Property 'length' is missing in type '{ textAlign: \\"center\\"; display: (\\"block\\" | \\"flexs\\")[]; }'.
test/should-fail.test.tsx(272,18): error TS2345: Argument of type '{ textAlign: string; display: (\\"block\\" | \\"flexs\\")[]; }' is not assignable to parameter of type 'StyleArgument<SVGProperties, object & {}>'.
  Type '{ textAlign: string; display: (\\"block\\" | \\"flexs\\")[]; }' is not assignable to type '(string | Partial<SVGProperties> | StyleFunction<SVGProperties, object & {}>)[]'.
    Property 'length' is missing in type '{ textAlign: string; display: (\\"block\\" | \\"flexs\\")[]; }'.
test/should-fail.test.tsx(289,35): error TS2322: Type '{ display: \\"blocks\\"; }' is not assignable to type 'IntrinsicAttributes & IntrinsicClassAttributes<Component<ExtraGlamorousProps & Pick<{ theme: obje...'.
  Type '{ display: \\"blocks\\"; }' is not assignable to type 'Readonly<ExtraGlamorousProps & Pick<{ theme: object; }, never> & object & SingleOrArray<CSSProper...'.
    Types of property 'display' are incompatible.
      Type '\\"blocks\\"' is not assignable to type '\\"none\\" | \\"table\\" | \\"ruby\\" | \\"initial\\" | \\"inherit\\" | \\"unset\\" | \\"block\\" | \\"inline\\" | \\"run-in\\" | \\"fl...'.
test/should-fail.test.tsx(290,38): error TS2559: Type '{ display: \\"block\\"; }' has no properties in common with type 'IntrinsicAttributes & IntrinsicClassAttributes<Component<ExtraGlamorousProps & Pick<{ theme: obje...'.
test/should-fail.test.tsx(291,42): error TS2559: Type '{ display: \\"block\\"; }' has no properties in common with type 'IntrinsicAttributes & IntrinsicClassAttributes<Component<ExtraGlamorousProps & Pick<{ theme: obje...'.
test/should-fail.test.tsx(293,29): error TS2322: Type '{ display: \\"blocks\\"; }' is not assignable to type 'IntrinsicAttributes & IntrinsicClassAttributes<Component<ExtraGlamorousProps & Pick<{ theme: obje...'.
  Type '{ display: \\"blocks\\"; }' is not assignable to type 'Readonly<ExtraGlamorousProps & Pick<{ theme: object; }, never> & object & SingleOrArray<CSSProper...'.
    Types of property 'display' are incompatible.
      Type '\\"blocks\\"' is not assignable to type '\\"none\\" | \\"table\\" | \\"ruby\\" | \\"initial\\" | \\"inherit\\" | \\"unset\\" | \\"block\\" | \\"inline\\" | \\"run-in\\" | \\"fl...'.
test/should-fail.test.tsx(294,32): error TS2559: Type '{ display: \\"block\\"; }' has no properties in common with type 'IntrinsicAttributes & IntrinsicClassAttributes<Component<ExtraGlamorousProps & Pick<{ theme: obje...'.
test/should-fail.test.tsx(295,36): error TS2559: Type '{ display: \\"block\\"; }' has no properties in common with type 'IntrinsicAttributes & IntrinsicClassAttributes<Component<ExtraGlamorousProps & Pick<{ theme: obje...'.
"
`;
